C:\laragon\bin\composer\composer.bat : Installing dependencies from lock file 
(including require-dev)
En línea: 1 Carácter: 37
+ ... rse -Force; C:\laragon\bin\composer\composer.bat install --verbose 2> ...
+                 ~~~~~~~~~~~~~~~~~~~~~~~~~~~~~~~~~~~~~~~~~~~~~~~~~~~~~~~~~
    + CategoryInfo          : NotSpecified: (Installing depe...ng require-dev) 
   :String) [], RemoteException
    + FullyQualifiedErrorId : NativeCommandError
 
Verifying lock file contents can be installed on current platform.
Dependency resolution completed in 0.002 seconds
Package operations: 118 installs, 0 updates, 0 removals
Installs: voku/portable-ascii:2.1.1, symfony/polyfill-php80:v1.37.0, 
symfony/polyfill-mbstring:v1.38.2, symfony/polyfill-ctype:v1.37.0, 
phpoption/phpoption:1.10.0, graham-campbell/result-type:v1.2.0, 
vlucas/phpdotenv:v5.7.0, symfony/css-selector:v7.4.18, 
tijsverkoyen/css-to-inline-styles:v2.4.0, 
symfony/deprecation-contracts:v3.7.1, symfony/var-dumper:v7.4.18, 
symfony/polyfill-uuid:v1.37.0, symfony/uid:v7.4.17, symfony/routing:v7.4.18, 
symfony/process:v7.4.18, symfony/polyfill-php85:v1.41.0, 
symfony/polyfill-php84:v1.38.1, symfony/polyfill-php83:v1.41.0, 
symfony/polyfill-intl-normalizer:v1.42.0, symfony/polyfill-intl-idn:v1.42.0, 
symfony/mime:v7.4.18, psr/container:2.0.2, symfony/service-contracts:v3.7.3, 
psr/event-dispatcher:1.0.0, symfony/event-dispatcher-contracts:v3.7.1, 
symfony/event-dispatcher:v7.4.17, psr/log:3.0.2, doctrine/lexer:3.0.1, 
egulias/email-validator:4.0.4, symfony/mailer:v7.4.17, 
symfony/http-foundation:v7.4.18, symfony/error-handler:v7.4.17, 
symfony/http-kernel:v7.4.18, symfony/finder:v7.4.17, 
symfony/polyfill-intl-grapheme:v1.41.0, symfony/string:v7.4.15, 
symfony/console:v7.4.18, ramsey/collection:2.1.1, brick/math:0.14.8, 
ramsey/uuid:4.9.3, psr/simple-cache:3.0.0, nunomaduro/termwind:v2.4.0, 
symfony/translation-contracts:v3.7.1, symfony/translation:v7.4.17, 
psr/clock:1.0.0, symfony/clock:v7.4.8, carbonphp/carbon-doctrine-types:3.2.0, 
nesbot/carbon:3.13.2, monolog/monolog:3.10.0, psr/http-message:2.0, 
psr/http-factory:1.1.0, league/uri-interfaces:7.8.1, league/uri:7.8.1, 
league/mime-type-detection:1.17.0, league/flysystem-local:3.35.3, 
league/flysystem:3.35.3, nette/utils:v4.1.5, nette/schema:v1.3.6, 
dflydev/dot-access-data:v3.0.3, league/config:v1.2.0, 
league/commonmark:2.10.0, laravel/serializable-closure:v2.0.16, 
laravel/prompts:v0.3.24, guzzlehttp/uri-template:v1.0.11, 
psr/http-client:1.0.3, ralouphie/getallheaders:3.0.3, guzzlehttp/psr7:2.13.1, 
guzzlehttp/promises:2.5.3, guzzlehttp/guzzle:7.15.5, 
fruitcake/php-cors:v1.4.0, dragonmantank/cron-expression:v3.6.0, 
doctrine/inflector:2.1.0, laravel/framework:v12.68.0, 
masterminds/html5:2.11.0, thecodingmachine/safe:v3.4.0, 
sabberworm/php-css-parser:v9.4.0, dompdf/php-svg-lib:1.0.2, 
dompdf/php-font-lib:1.0.2, dompdf/dompdf:v3.1.6, 
barryvdh/laravel-dompdf:v3.1.2, fakerphp/faker:v1.24.1, laravel/breeze:v2.4.2, 
laravel/pint:v1.30.5, symfony/yaml:v7.4.18, laravel/sail:v1.67.0, 
nikic/php-parser:v5.8.0, psy/psysh:v0.12.24, laravel/tinker:v2.11.1, 
hamcrest/hamcrest-php:v3.0.0, mockery/mockery:1.6.15, filp/whoops:2.18.4, 
nunomaduro/collision:v8.9.5, staabm/side-effects-detector:1.0.5, 
sebastian/version:5.0.2, sebastian/type:5.1.3, 
sebastian/recursion-context:6.0.3, sebastian/object-reflector:4.0.1, 
sebastian/object-enumerator:6.0.1, sebastian/global-state:7.0.2, 
sebastian/exporter:6.3.2, sebastian/environment:7.2.1, sebastian/diff:6.0.2, 
sebastian/comparator:6.3.3, sebastian/code-unit:3.0.3, 
sebastian/cli-parser:3.0.2, phpunit/php-timer:7.0.1, 
phpunit/php-text-template:4.0.1, phpunit/php-invoker:5.0.1, 
phpunit/php-file-iterator:5.1.1, theseer/tokenizer:1.3.1, 
sebastian/lines-of-code:3.0.1, sebastian/complexity:4.0.1, 
sebastian/code-unit-reverse-lookup:4.0.1, phpunit/php-code-coverage:11.0.12, 
phar-io/version:3.2.1, phar-io/manifest:2.0.4, myclabs/deep-copy:1.14.0, 
phpunit/phpunit:11.5.56
  - Downloading laravel/pint (v1.30.5)
  - Downloading symfony/yaml (v7.4.18)
  - Downloading laravel/sail (v1.67.0)
  - Downloading hamcrest/hamcrest-php (v3.0.0)
  - Downloading mockery/mockery (1.6.15)
  - Downloading nunomaduro/collision (v8.9.5)
  - Downloading myclabs/deep-copy (1.14.0)
  - Downloading phpunit/phpunit (11.5.56)
 0/8 [>---------------------------]   0%  1 sec 0/8 
[>---------------------------]   0% 2 secs
 2/8 [=======>--------------------]  25% 3 secs
 4/8 [==============>-------------]  50% 3 secs
 5/8 [=================>----------]  62% 3 secs
 6/8 [=====================>------]  75% 3 secs
 6/8 [=====================>------]  75% 4 secs
 7/8 [========================>---]  87% 4 secs
 7/8 [========================>---]  87% 5 secs
 7/8 [========================>---]  87% 6 secs
 7/8 [========================>---]  87% 7 secs
 8/8 [============================] 100% 8 secs
  - Installing voku/portable-ascii (2.1.1): Extracting archive
  - Installing symfony/polyfill-php80 (v1.37.0): Extracting archive
  - Installing symfony/polyfill-mbstring (v1.38.2): Extracting archive
  - Installing symfony/polyfill-ctype (v1.37.0): Extracting archive
  - Installing phpoption/phpoption (1.10.0): Extracting archive
  - Installing graham-campbell/result-type (v1.2.0): Extracting archive
  - Installing vlucas/phpdotenv (v5.7.0): Extracting archive
  - Installing symfony/css-selector (v7.4.18): Extracting archive
  - Installing tijsverkoyen/css-to-inline-styles (v2.4.0): Extracting archive
  - Installing symfony/deprecation-contracts (v3.7.1): Extracting archive
  - Installing symfony/var-dumper (v7.4.18): Extracting archive
  - Installing symfony/polyfill-uuid (v1.37.0): Extracting archive
  - Installing symfony/uid (v7.4.17): Extracting archive
  - Installing symfony/routing (v7.4.18): Extracting archive
  - Installing symfony/process (v7.4.18): Extracting archive
  - Installing symfony/polyfill-php85 (v1.41.0): Extracting archive
  - Installing symfony/polyfill-php84 (v1.38.1): Extracting archive
  - Installing symfony/polyfill-php83 (v1.41.0): Extracting archive
  - Installing symfony/polyfill-intl-normalizer (v1.42.0): Extracting archive
  - Installing symfony/polyfill-intl-idn (v1.42.0): Extracting archive
  - Installing symfony/mime (v7.4.18): Extracting archive
  - Installing psr/container (2.0.2): Extracting archive
  - Installing symfony/service-contracts (v3.7.3): Extracting archive
  - Installing psr/event-dispatcher (1.0.0): Extracting archive
  - Installing symfony/event-dispatcher-contracts (v3.7.1): Extracting archive
  - Installing symfony/event-dispatcher (v7.4.17): Extracting archive
  - Installing psr/log (3.0.2): Extracting archive
  - Installing doctrine/lexer (3.0.1): Extracting archive
  - Installing egulias/email-validator (4.0.4): Extracting archive
  - Installing symfony/mailer (v7.4.17): Extracting archive
  - Installing symfony/http-foundation (v7.4.18): Extracting archive
  - Installing symfony/error-handler (v7.4.17): Extracting archive
  - Installing symfony/http-kernel (v7.4.18): Extracting archive
  - Installing symfony/finder (v7.4.17): Extracting archive
  - Installing symfony/polyfill-intl-grapheme (v1.41.0): Extracting archive
  - Installing symfony/string (v7.4.15): Extracting archive
  - Installing symfony/console (v7.4.18): Extracting archive
  - Installing ramsey/collection (2.1.1): Extracting archive
  - Installing brick/math (0.14.8): Extracting archive
  - Installing ramsey/uuid (4.9.3): Extracting archive
  - Installing psr/simple-cache (3.0.0): Extracting archive
  - Installing nunomaduro/termwind (v2.4.0): Extracting archive
  - Installing symfony/translation-contracts (v3.7.1): Extracting archive
  - Installing symfony/translation (v7.4.17): Extracting archive
  - Installing psr/clock (1.0.0): Extracting archive
  - Installing symfony/clock (v7.4.8): Extracting archive
  - Installing carbonphp/carbon-doctrine-types (3.2.0): Extracting archive
  - Installing nesbot/carbon (3.13.2): Extracting archive
  - Installing monolog/monolog (3.10.0): Extracting archive
  - Installing psr/http-message (2.0): Extracting archive
  - Installing psr/http-factory (1.1.0): Extracting archive
  - Installing league/uri-interfaces (7.8.1): Extracting archive
  - Installing league/uri (7.8.1): Extracting archive
  - Installing league/mime-type-detection (1.17.0): Extracting archive
  - Installing league/flysystem-local (3.35.3): Extracting archive
  - Installing league/flysystem (3.35.3): Extracting archive
  - Installing nette/utils (v4.1.5): Extracting archive
  - Installing nette/schema (v1.3.6): Extracting archive
  - Installing dflydev/dot-access-data (v3.0.3): Extracting archive
  - Installing league/config (v1.2.0): Extracting archive
  - Installing league/commonmark (2.10.0): Extracting archive
  - Installing laravel/serializable-closure (v2.0.16): Extracting archive
  - Installing laravel/prompts (v0.3.24): Extracting archive
  - Installing guzzlehttp/uri-template (v1.0.11): Extracting archive
  - Installing psr/http-client (1.0.3): Extracting archive
  - Installing ralouphie/getallheaders (3.0.3): Extracting archive
  - Installing guzzlehttp/psr7 (2.13.1): Extracting archive
  - Installing guzzlehttp/promises (2.5.3): Extracting archive
  - Installing guzzlehttp/guzzle (7.15.5): Extracting archive
  - Installing fruitcake/php-cors (v1.4.0): Extracting archive
  - Installing dragonmantank/cron-expression (v3.6.0): Extracting archive
  - Installing doctrine/inflector (2.1.0): Extracting archive
  - Installing laravel/framework (v12.68.0): Extracting archive
  - Installing masterminds/html5 (2.11.0): Extracting archive
  - Installing thecodingmachine/safe (v3.4.0): Extracting archive
  - Installing sabberworm/php-css-parser (v9.4.0): Extracting archive
  - Installing dompdf/php-svg-lib (1.0.2): Extracting archive
  - Installing dompdf/php-font-lib (1.0.2): Extracting archive
  - Installing dompdf/dompdf (v3.1.6): Extracting archive
  - Installing barryvdh/laravel-dompdf (v3.1.2): Extracting archive
  - Installing fakerphp/faker (v1.24.1): Extracting archive
  - Installing laravel/breeze (v2.4.2): Extracting archive
  - Installing laravel/pint (v1.30.5): Extracting archive
  - Installing symfony/yaml (v7.4.18): Extracting archive
  - Installing laravel/sail (v1.67.0): Extracting archive
  - Installing nikic/php-parser (v5.8.0): Extracting archive
  - Installing psy/psysh (v0.12.24): Extracting archive
  - Installing laravel/tinker (v2.11.1): Extracting archive
  - Installing hamcrest/hamcrest-php (v3.0.0): Extracting archive
  - Installing mockery/mockery (1.6.15): Extracting archive
  - Installing filp/whoops (2.18.4): Extracting archive
  - Installing nunomaduro/collision (v8.9.5): Extracting archive
  - Installing staabm/side-effects-detector (1.0.5): Extracting archive
  - Installing sebastian/version (5.0.2): Extracting archive
  - Installing sebastian/type (5.1.3): Extracting archive
  - Installing sebastian/recursion-context (6.0.3): Extracting archive
  - Installing sebastian/object-reflector (4.0.1): Extracting archive
  - Installing sebastian/object-enumerator (6.0.1): Extracting archive
  - Installing sebastian/global-state (7.0.2): Extracting archive
  - Installing sebastian/exporter (6.3.2): Extracting archive
  - Installing sebastian/environment (7.2.1): Extracting archive
  - Installing sebastian/diff (6.0.2): Extracting archive
  - Installing sebastian/comparator (6.3.3): Extracting archive
  - Installing sebastian/code-unit (3.0.3): Extracting archive
  - Installing sebastian/cli-parser (3.0.2): Extracting archive
  - Installing phpunit/php-timer (7.0.1): Extracting archive
  - Installing phpunit/php-text-template (4.0.1): Extracting archive
  - Installing phpunit/php-invoker (5.0.1): Extracting archive
  - Installing phpunit/php-file-iterator (5.1.1): Extracting archive
  - Installing theseer/tokenizer (1.3.1): Extracting archive
  - Installing sebastian/lines-of-code (3.0.1): Extracting archive
  - Installing sebastian/complexity (4.0.1): Extracting archive
  - Installing sebastian/code-unit-reverse-lookup (4.0.1): Extracting archive
  - Installing phpunit/php-code-coverage (11.0.12): Extracting archive
  - Installing phar-io/version (3.2.1): Extracting archive
  - Installing phar-io/manifest (2.0.4): Extracting archive
  - Installing myclabs/deep-copy (1.14.0): Extracting archive
  - Installing phpunit/phpunit (11.5.56): Extracting archive
    Install of tijsverkoyen/css-to-inline-styles failed
    Install of symfony/deprecation-contracts failed
   0/116 [>---------------------------]   0% < 1 sec
   6/116 [=>--------------------------]   5% 19 secs
  10/116 [==>-------------------------]   8% 20 secs
  16/116 [===>------------------------]  13% 21 secs
  20/116 [====>-----------------------]  17% 22 secs
  26/116 [======>---------------------]  22% 23 secs
  30/116 [=======>--------------------]  25% 24 secs
  35/116 [========>-------------------]  30% 25 secs
  40/116 [=========>------------------]  34% 26 secs
  49/116 [===========>----------------]  42% 28 secs
  54/116 [=============>--------------]  46% 29 secs
  58/116 [==============>-------------]  50% 30 secs
  63/116 [===============>------------]  54% 31 secs
  70/116 [================>-----------]  60% 33 secs
  74/116 [=================>----------]  63% 35 secs
  77/116 [==================>---------]  66% 37 secs
  83/116 [====================>-------]  71% 38 secs
  87/116 [=====================>------]  75% 40 secs
  92/116 [======================>-----]  79% 41 secs
  97/116 [=======================>----]  83% 42 secs
 107/116 [=========================>--]  92% 43 secs
 111/116 [==========================>-]  95% 44 secs
 114/116 [===========================>]  98% 45 secs
 114/116 [===========================>]  98% 46 secs
 114/116 [===========================>]  98% 47 secs
 115/116 [===========================>]  99% 48 secs
 115/116 [===========================>]  99% 49 secs
 115/116 [===========================>]  99% 51 secs
 116/116 [============================] 100% 51 secs
In Filesystem.php line 314:
                                                                               
  [RuntimeException]                                                           
  Could not delete C:\laragon\www\perfume/vendor/composer/b37b88d3\tijsverkoy  
  en-CssToInlineStyles-f0292cc\src\Css\Property:                               
  This can be due to an antivirus or the Windows Search Indexer locking the f  
  ile while they are analyzed                                                  
                                                                               

Exception trace:
  at phar://C:/laragon/bin/composer/composer.phar/src/Composer/Util/Filesystem.
php:314
 Composer\Util\Filesystem->rmdir() at phar://C:/laragon/bin/composer/composer.p
har/src/Composer/Util/Filesystem.php:230
 Composer\Util\Filesystem->removeDirectoryPhp() at phar://C:/laragon/bin/compos
er/composer.phar/src/Composer/Util/Filesystem.php:339
 Composer\Util\Filesystem->copyThenRemove() at phar://C:/laragon/bin/composer/c
omposer.phar/src/Composer/Util/Filesystem.php:412
 Composer\Util\Filesystem->rename() at phar://C:/laragon/bin/composer/composer.
phar/src/Composer/Downloader/ArchiveDownloader.php:181
 Composer\Downloader\ArchiveDownloader->Composer\Downloader\{closure}() at phar
://C:/laragon/bin/composer/composer.phar/vendor/react/promise/src/FulfilledProm
ise.php:28
 React\Promise\FulfilledPromise->then() at phar://C:/laragon/bin/composer/compo
ser.phar/vendor/react/promise/src/Promise.php:134
 React\Promise\Promise::React\Promise\{closure}() at phar://C:/laragon/bin/comp
oser/composer.phar/vendor/react/promise/src/Promise.php:168
 React\Promise\Promise->settle() at phar://C:/laragon/bin/composer/composer.pha
r/vendor/react/promise/src/Promise.php:231
 React\Promise\Promise::React\Promise\{closure}() at phar://C:/laragon/bin/comp
oser/composer.phar/vendor/react/promise/src/FulfilledPromise.php:42
 React\Promise\FulfilledPromise->done() at phar://C:/laragon/bin/composer/compo
ser.phar/vendor/react/promise/src/Promise.php:135
 React\Promise\Promise::React\Promise\{closure}() at phar://C:/laragon/bin/comp
oser/composer.phar/vendor/react/promise/src/Promise.php:168
 React\Promise\Promise->settle() at phar://C:/laragon/bin/composer/composer.pha
r/vendor/react/promise/src/Promise.php:231
 React\Promise\Promise::React\Promise\{closure}() at phar://C:/laragon/bin/comp
oser/composer.phar/vendor/react/promise/src/FulfilledPromise.php:42
 React\Promise\FulfilledPromise->done() at phar://C:/laragon/bin/composer/compo
ser.phar/vendor/react/promise/src/Promise.php:135
 React\Promise\Promise::React\Promise\{closure}() at phar://C:/laragon/bin/comp
oser/composer.phar/vendor/react/promise/src/Promise.php:168
 React\Promise\Promise->settle() at phar://C:/laragon/bin/composer/composer.pha
r/vendor/react/promise/src/Promise.php:231
 React\Promise\Promise::React\Promise\{closure}() at n/a:n/a
 call_user_func() at phar://C:/laragon/bin/composer/composer.phar/src/Composer/
Util/ProcessExecutor.php:327
 Composer\Util\ProcessExecutor->countActiveJobs() at 
phar://C:/laragon/bin/composer/composer.phar/src/Composer/Util/Loop.php:80
 Composer\Util\Loop->wait() at phar://C:/laragon/bin/composer/composer.phar/src
/Composer/Installer/InstallationManager.php:444
 Composer\Installer\InstallationManager->waitOnPromises() at phar://C:/laragon/
bin/composer/composer.phar/src/Composer/Installer/InstallationManager.php:419
 Composer\Installer\InstallationManager->executeBatch() at phar://C:/laragon/bi
n/composer/composer.phar/src/Composer/Installer/InstallationManager.php:334
 Composer\Installer\InstallationManager->downloadAndExecuteBatch() at phar://C:
/laragon/bin/composer/composer.phar/src/Composer/Installer/InstallationManager.
php:242
 Composer\Installer\InstallationManager->execute() at 
phar://C:/laragon/bin/composer/composer.phar/src/Composer/Installer.php:787
 Composer\Installer->doInstall() at 
phar://C:/laragon/bin/composer/composer.phar/src/Composer/Installer.php:283
 Composer\Installer->run() at phar://C:/laragon/bin/composer/composer.phar/src/
Composer/Command/InstallCommand.php:144
 Composer\Command\InstallCommand->execute() at phar://C:/laragon/bin/composer/c
omposer.phar/vendor/symfony/console/Command/Command.php:298
 Symfony\Component\Console\Command\Command->run() at phar://C:/laragon/bin/comp
oser/composer.phar/vendor/symfony/console/Application.php:1024
 Symfony\Component\Console\Application->doRunCommand() at phar://C:/laragon/bin
/composer/composer.phar/vendor/symfony/console/Application.php:299
 Symfony\Component\Console\Application->doRun() at phar://C:/laragon/bin/compos
er/composer.phar/src/Composer/Console/Application.php:343
 Composer\Console\Application->doRun() at phar://C:/laragon/bin/composer/compos
er.phar/vendor/symfony/console/Application.php:171
 Symfony\Component\Console\Application->run() at phar://C:/laragon/bin/composer
/composer.phar/src/Composer/Console/Application.php:138
 Composer\Console\Application->run() at 
phar://C:/laragon/bin/composer/composer.phar/bin/composer:88
 require() at C:\laragon\bin\composer\composer.phar:29

install [--prefer-source] [--prefer-dist] [--prefer-install PREFER-INSTALL] 
[--dry-run] [--dev] [--no-suggest] [--no-dev] [--no-autoloader] 
[--no-progress] [--no-install] [--audit] [--audit-format AUDIT-FORMAT] 
[-v|vv|vvv|--verbose] [-o|--optimize-autoloader] [-a|--classmap-authoritative] 
[--apcu-autoloader] [--apcu-autoloader-prefix APCU-AUTOLOADER-PREFIX] 
[--ignore-platform-req IGNORE-PLATFORM-REQ] [--ignore-platform-reqs] [--] 
[<packages>...]

